alpha = 0.50: [5.9999938 1.0000027 0.0000018 0.0000018]
alpha = 0.90: [5.9999978 1.0000009 0.000001  0.0000004]
