alpha = 0.50: [ 0.0030383  7.990885  20.0011394  0.0683628  0.009115  96.0087352]
alpha = 0.90: [ 0.0019973  7.9935976 20.0014241  0.0429955  0.002233  96.0049484]
