alpha = 0.50: [0.0000344 7.9999484 0.0000172]
alpha = 0.90: [0.0000041 7.9999908 0.0000052]
